\BOOKMARK [0][-]{chapter.1}{\376\377\000I\000n\000t\000r\000o\000d\000u\000c\000t\000i\000o\000n}{}% 1
\BOOKMARK [1][-]{section.1.1}{\376\377\000M\000o\000t\000i\000v\000a\000t\000i\000o\000n}{chapter.1}% 2
\BOOKMARK [1][-]{section.1.2}{\376\377\000P\000r\000o\000b\000l\000e\000m\000\040\000S\000t\000a\000t\000e\000m\000e\000n\000t}{chapter.1}% 3
\BOOKMARK [1][-]{section.1.3}{\376\377\000C\000o\000n\000t\000r\000i\000b\000u\000t\000i\000o\000n\000s}{chapter.1}% 4
\BOOKMARK [1][-]{section.1.4}{\376\377\000T\000h\000e\000s\000i\000s\000\040\000O\000u\000t\000l\000i\000n\000e}{chapter.1}% 5
\BOOKMARK [0][-]{chapter.2}{\376\377\000R\000e\000g\000u\000l\000a\000r\000\040\000E\000x\000p\000r\000e\000s\000s\000i\000o\000n\000s}{}% 6
\BOOKMARK [1][-]{section.2.1}{\376\377\000S\000y\000n\000t\000a\000x}{chapter.2}% 7
\BOOKMARK [1][-]{section.2.2}{\376\377\000S\000e\000m\000a\000n\000t\000i\000c\000s}{chapter.2}% 8
\BOOKMARK [0][-]{chapter.3}{\376\377\000D\000e\000r\000i\000v\000a\000t\000i\000v\000e\000s\000\040\000a\000n\000d\000\040\000P\000a\000r\000t\000i\000a\000l\000\040\000D\000e\000r\000i\000v\000a\000t\000i\000v\000e\000s}{}% 9
\BOOKMARK [1][-]{section.3.1}{\376\377\000N\000a\000i\000v\000e\000\040\000M\000a\000t\000c\000h\000i\000n\000g}{chapter.3}% 10
\BOOKMARK [1][-]{section.3.2}{\376\377\000B\000r\000z\000o\000z\000o\000w\000s\000k\000i\000\040\000D\000e\000r\000i\000v\000a\000t\000i\000v\000e\000s}{chapter.3}% 11
\BOOKMARK [1][-]{section.3.3}{\376\377\000A\000n\000t\000i\000m\000i\000r\000o\000v\000\040\000P\000a\000r\000t\000i\000a\000l\000\040\000D\000e\000r\000i\000v\000a\000t\000i\000v\000e\000s}{chapter.3}% 12
\BOOKMARK [0][-]{chapter.4}{\376\377\000M\000a\000t\000c\000h\000i\000n\000g\000\040\000v\000e\000r\000s\000u\000s\000\040\000P\000a\000r\000s\000i\000n\000g}{}% 13
\BOOKMARK [1][-]{section.4.1}{\376\377\000M\000a\000t\000c\000h\000i\000n\000g\000\040\000A\000m\000b\000i\000g\000u\000i\000t\000y}{chapter.4}% 14
\BOOKMARK [1][-]{section.4.2}{\376\377\000P\000a\000r\000s\000e\000\040\000T\000r\000e\000e\000s\000\040\000a\000s\000\040\000M\000a\000t\000c\000h\000i\000n\000g\000\040\000E\000v\000i\000d\000e\000n\000c\000e}{chapter.4}% 15
\BOOKMARK [1][-]{section.4.3}{\376\377\000D\000i\000s\000a\000m\000b\000i\000g\000u\000a\000t\000i\000o\000n\000\040\000P\000r\000o\000b\000l\000e\000m}{chapter.4}% 16
\BOOKMARK [0][-]{chapter.5}{\376\377\000D\000e\000r\000i\000v\000a\000t\000i\000v\000e\000-\000B\000a\000s\000e\000d\000\040\000P\000a\000r\000s\000e\000r}{}% 17
\BOOKMARK [1][-]{section.5.1}{\376\377\000F\000r\000o\000m\000\040\000A\000n\000s\000w\000e\000r\000\040\000t\000o\000\040\000E\000v\000i\000d\000e\000n\000c\000e}{chapter.5}% 18
\BOOKMARK [2][-]{subsection.5.1.1}{\376\377\000W\000h\000i\000c\000h\000\040\000T\000r\000e\000e}{section.5.1}% 19
\BOOKMARK [1][-]{section.5.2}{\376\377\000T\000r\000e\000e\000\040\000C\000o\000n\000s\000t\000r\000u\000c\000t\000i\000o\000n}{chapter.5}% 20
\BOOKMARK [2][-]{subsection.5.2.1}{\376\377\000T\000h\000e\000\040\000E\000m\000p\000t\000y\000-\000W\000o\000r\000d\000\040\000T\000r\000e\000e}{section.5.2}% 21
\BOOKMARK [2][-]{subsection.5.2.2}{\376\377\000R\000e\000i\000n\000s\000e\000r\000t\000i\000n\000g\000\040\000a\000\040\000C\000h\000a\000r\000a\000c\000t\000e\000r}{section.5.2}% 22
\BOOKMARK [2][-]{subsection.5.2.3}{\376\377\000T\000h\000e\000\040\000P\000a\000r\000s\000e\000r}{section.5.2}% 23
\BOOKMARK [2][-]{subsection.5.2.4}{\376\377\000N\000o\000\040\000S\000i\000m\000p\000l\000i\000f\000i\000c\000a\000t\000i\000o\000n}{section.5.2}% 24
\BOOKMARK [1][-]{section.5.3}{\376\377\000I\000m\000p\000l\000e\000m\000e\000n\000t\000a\000t\000i\000o\000n\000:\000\040\000d\000e\000r\000i\000v\000\137\000s\000t\000d}{chapter.5}% 25
\BOOKMARK [2][-]{subsection.5.3.1}{\376\377\000W\000h\000a\000t\000\040\000t\000h\000e\000\040\000P\000a\000r\000s\000e\000r\000\040\000N\000e\000e\000d\000s}{section.5.3}% 26
\BOOKMARK [2][-]{subsection.5.3.2}{\376\377\000m\000k\000\137\000e\000p\000s}{section.5.3}% 27
\BOOKMARK [2][-]{subsection.5.3.3}{\376\377\000i\000n\000j\000e\000c\000t\000:\000\040\000T\000h\000e\000\040\000D\000i\000r\000e\000c\000t\000\040\000R\000u\000l\000e\000s}{section.5.3}% 28
\BOOKMARK [2][-]{subsection.5.3.4}{\376\377\000i\000n\000j\000e\000c\000t\000:\000\040\000C\000o\000n\000c\000a\000t\000e\000n\000a\000t\000i\000o\000n}{section.5.3}% 29
\BOOKMARK [2][-]{subsection.5.3.5}{\376\377\000T\000w\000o\000\040\000D\000r\000i\000v\000e\000r\000s}{section.5.3}% 30
\BOOKMARK [2][-]{subsection.5.3.6}{\376\377\000T\000r\000e\000e\000s\000\040\000a\000n\000d\000\040\000F\000l\000a\000t\000t\000e\000n\000i\000n\000g}{section.5.3}% 31
\BOOKMARK [1][-]{section.5.4}{\376\377\000W\000o\000r\000k\000e\000d\000\040\000E\000x\000a\000m\000p\000l\000e\000:\000\040\000d\000e\000r\000i\000v\000\137\000s\000t\000d}{chapter.5}% 32
\BOOKMARK [2][-]{subsection.5.4.1}{\376\377\000F\000o\000r\000w\000a\000r\000d\000\040\000P\000a\000s\000s}{section.5.4}% 33
\BOOKMARK [2][-]{subsection.5.4.2}{\376\377\000T\000h\000e\000\040\000E\000m\000p\000t\000y\000-\000W\000o\000r\000d\000\040\000T\000r\000e\000e}{section.5.4}% 34
\BOOKMARK [2][-]{subsection.5.4.3}{\376\377\000T\000h\000e\000\040\000T\000w\000o\000\040\000I\000n\000j\000e\000c\000t\000i\000o\000n\000s}{section.5.4}% 35
\BOOKMARK [2][-]{subsection.5.4.4}{\376\377\000W\000h\000a\000t\000\040\000I\000t\000\040\000C\000o\000s\000t}{section.5.4}% 36
\BOOKMARK [1][-]{section.5.5}{\376\377\000B\000i\000t\000-\000C\000o\000d\000e\000d\000\040\000C\000o\000n\000s\000t\000r\000u\000c\000t\000i\000o\000n}{chapter.5}% 37
\BOOKMARK [2][-]{subsection.5.5.1}{\376\377\000T\000r\000e\000e\000s\000\040\000a\000s\000\040\000B\000i\000t\000-\000S\000t\000r\000i\000n\000g\000s}{section.5.5}% 38
\BOOKMARK [2][-]{subsection.5.5.2}{\376\377\000A\000n\000n\000o\000t\000a\000t\000e\000d\000\040\000E\000x\000p\000r\000e\000s\000s\000i\000o\000n\000s}{section.5.5}% 39
\BOOKMARK [2][-]{subsection.5.5.3}{\376\377\000T\000h\000e\000\040\000A\000n\000n\000o\000t\000a\000t\000e\000d\000\040\000D\000e\000r\000i\000v\000a\000t\000i\000v\000e}{section.5.5}% 40
\BOOKMARK [2][-]{subsection.5.5.4}{\376\377\000E\000x\000t\000r\000a\000c\000t\000i\000n\000g\000\040\000t\000h\000e\000\040\000B\000i\000t\000s}{section.5.5}% 41
\BOOKMARK [2][-]{subsection.5.5.5}{\376\377\000S\000i\000m\000p\000l\000i\000f\000i\000c\000a\000t\000i\000o\000n}{section.5.5}% 42
\BOOKMARK [1][-]{section.5.6}{\376\377\000I\000m\000p\000l\000e\000m\000e\000n\000t\000a\000t\000i\000o\000n\000:\000\040\000d\000e\000r\000i\000v\000\137\000b\000c}{chapter.5}% 43
\BOOKMARK [2][-]{subsection.5.6.1}{\376\377\000T\000h\000e\000\040\000A\000n\000n\000o\000t\000a\000t\000e\000d\000\040\000T\000y\000p\000e}{section.5.6}% 44
\BOOKMARK [2][-]{subsection.5.6.2}{\376\377\000i\000n\000t\000e\000r\000n\000a\000l\000i\000z\000e\000\040\000a\000n\000d\000\040\000f\000u\000s\000e}{section.5.6}% 45
\BOOKMARK [2][-]{subsection.5.6.3}{\376\377\000T\000h\000e\000\040\000D\000e\000r\000i\000v\000a\000t\000i\000v\000e}{section.5.6}% 46
\BOOKMARK [2][-]{subsection.5.6.4}{\376\377\000m\000k\000\137\000e\000p\000s\000\137\000b\000c\000\040\000a\000n\000d\000\040\000d\000e\000c\000o\000d\000e}{section.5.6}% 47
\BOOKMARK [2][-]{subsection.5.6.5}{\376\377\000T\000h\000e\000\040\000D\000r\000i\000v\000e\000r}{section.5.6}% 48
\BOOKMARK [1][-]{section.5.7}{\376\377\000W\000o\000r\000k\000e\000d\000\040\000E\000x\000a\000m\000p\000l\000e\000:\000\040\000d\000e\000r\000i\000v\000\137\000b\000c}{chapter.5}% 49
\BOOKMARK [2][-]{subsection.5.7.1}{\376\377\000B\000e\000f\000o\000r\000e\000\040\000t\000h\000e\000\040\000I\000n\000p\000u\000t}{section.5.7}% 50
\BOOKMARK [2][-]{subsection.5.7.2}{\376\377\000T\000w\000o\000\040\000S\000t\000e\000p\000s}{section.5.7}% 51
\BOOKMARK [2][-]{subsection.5.7.3}{\376\377\000B\000i\000t\000s\000\040\000t\000o\000\040\000T\000r\000e\000e}{section.5.7}% 52
\BOOKMARK [2][-]{subsection.5.7.4}{\376\377\000T\000h\000e\000\040\000S\000t\000a\000r\000\040\000C\000a\000s\000e}{section.5.7}% 53
\BOOKMARK [1][-]{section.5.8}{\376\377\000C\000o\000m\000p\000a\000r\000i\000s\000o\000n}{chapter.5}% 54
\BOOKMARK [0][-]{chapter.6}{\376\377\000P\000a\000r\000t\000i\000a\000l\000-\000D\000e\000r\000i\000v\000a\000t\000i\000v\000e\000-\000B\000a\000s\000e\000d\000\040\000P\000a\000r\000s\000e\000r}{}% 55
\BOOKMARK [1][-]{section.6.1}{\376\377\000F\000r\000o\000m\000\040\000O\000n\000e\000\040\000E\000x\000p\000r\000e\000s\000s\000i\000o\000n\000\040\000t\000o\000\040\000a\000\040\000F\000r\000o\000n\000t\000i\000e\000r}{chapter.6}% 56
\BOOKMARK [2][-]{subsection.6.1.1}{\376\377\000W\000h\000e\000r\000e\000\040\000t\000h\000e\000\040\000C\000h\000o\000i\000c\000e\000\040\000I\000s\000\040\000A\000c\000t\000u\000a\000l\000l\000y\000\040\000M\000a\000d\000e}{section.6.1}% 57
\BOOKMARK [2][-]{subsection.6.1.2}{\376\377\000A\000\040\000F\000a\000m\000i\000l\000y\000\040\000o\000f\000\040\000W\000i\000t\000n\000e\000s\000s\000e\000s}{section.6.1}% 58
\BOOKMARK [1][-]{section.6.2}{\376\377\000T\000h\000e\000\040\000B\000i\000t\000-\000C\000o\000d\000e\000d\000\040\000C\000o\000n\000s\000t\000r\000u\000c\000t\000i\000o\000n}{chapter.6}% 59
\BOOKMARK [2][-]{subsection.6.2.1}{\376\377\000T\000h\000e\000\040\000R\000u\000n\000n\000i\000n\000g\000\040\000E\000x\000a\000m\000p\000l\000e\000,\000\040\000S\000t\000r\000a\000n\000d\000\040\000b\000y\000\040\000S\000t\000r\000a\000n\000d}{section.6.2}% 60
\BOOKMARK [1][-]{section.6.3}{\376\377\000R\000u\000s\000t\000\040\000I\000m\000p\000l\000e\000m\000e\000n\000t\000a\000t\000i\000o\000n\000:\000\040\000p\000d\000e\000r\000i\000v\000\137\000b\000c}{chapter.6}% 61
\BOOKMARK [1][-]{section.6.4}{\376\377\000R\000u\000s\000t\000\040\000I\000m\000p\000l\000e\000m\000e\000n\000t\000a\000t\000i\000o\000n\000:\000\040\000p\000d\000e\000r\000i\000v\000\137\000s\000t\000d}{chapter.6}% 62
\BOOKMARK [2][-]{subsection.6.4.1}{\376\377\000W\000h\000a\000t\000\040\000E\000a\000c\000h\000\040\000S\000t\000r\000a\000n\000d\000\040\000C\000a\000r\000r\000i\000e\000s}{section.6.4}% 63
\BOOKMARK [2][-]{subsection.6.4.2}{\376\377\000O\000n\000e\000\040\000T\000a\000b\000l\000e\000,\000\040\000T\000w\000o\000\040\000R\000e\000p\000r\000e\000s\000e\000n\000t\000a\000t\000i\000o\000n\000s}{section.6.4}% 64
\BOOKMARK [2][-]{subsection.6.4.3}{\376\377\000W\000h\000y\000\040\000t\000h\000e\000\040\000S\000m\000a\000r\000t\000\040\000C\000o\000n\000s\000t\000r\000u\000c\000t\000o\000r\000\040\000C\000a\000n\000n\000o\000t\000\040\000B\000e\000\040\000U\000s\000e\000d\000\040\000H\000e\000r\000e}{section.6.4}% 65
\BOOKMARK [2][-]{subsection.6.4.4}{\376\377\000T\000h\000e\000\040\000S\000a\000m\000e\000\040\000E\000x\000a\000m\000p\000l\000e\000,\000\040\000a\000n\000d\000\040\000W\000h\000a\000t\000\040\000t\000h\000e\000\040\000T\000r\000a\000c\000e\000\040\000C\000a\000n\000n\000o\000t\000\040\000S\000h\000o\000w}{section.6.4}% 66
\BOOKMARK [1][-]{section.6.5}{\376\377\000F\000r\000o\000n\000t\000i\000e\000r\000\040\000G\000r\000o\000w\000t\000h}{chapter.6}% 67
\BOOKMARK [1][-]{section.6.6}{\376\377\000T\000h\000e\000\040\000T\000w\000o\000\040\000P\000o\000l\000i\000c\000i\000e\000s\000\040\000C\000o\000m\000p\000a\000r\000e\000d}{chapter.6}% 68
\BOOKMARK [0][-]{chapter.7}{\376\377\000E\000x\000t\000e\000r\000n\000a\000l\000\040\000v\000e\000r\000s\000u\000s\000\040\000I\000n\000t\000e\000r\000n\000a\000l\000\040\000R\000e\000g\000e\000x}{}% 69
\BOOKMARK [1][-]{section.7.1}{\376\377\000T\000w\000o\000\040\000A\000S\000T\000s\000,\000\040\000O\000n\000e\000\040\000L\000o\000w\000e\000r\000i\000n\000g\000\040\000S\000t\000e\000p}{chapter.7}% 70
\BOOKMARK [1][-]{section.7.2}{\376\377\000P\000a\000r\000s\000i\000n\000g\000\040\000S\000u\000r\000f\000a\000c\000e\000\040\000S\000y\000n\000t\000a\000x}{chapter.7}% 71
\BOOKMARK [1][-]{section.7.3}{\376\377\000T\000r\000a\000n\000s\000l\000a\000t\000i\000n\000g\000\040\000E\000x\000t\000P\000a\000t\000\040\000i\000n\000t\000o\000\040\000R\000e\000g\000e\000x}{chapter.7}% 72
\BOOKMARK [1][-]{section.7.4}{\376\377\000T\000h\000e\000\040\000C\000o\000s\000t\000\040\000o\000f\000\040\000T\000r\000a\000n\000s\000l\000a\000t\000i\000o\000n}{chapter.7}% 73
\BOOKMARK [0][-]{chapter.8}{\376\377\000E\000v\000a\000l\000u\000a\000t\000i\000o\000n}{}% 74
\BOOKMARK [1][-]{section.8.1}{\376\377\000C\000o\000m\000p\000a\000r\000e\000d\000\040\000E\000n\000g\000i\000n\000e\000s}{chapter.8}% 75
\BOOKMARK [2][-]{subsection.8.1.1}{\376\377\000R\000u\000s\000t\000'\000s\000\040\000r\000e\000g\000e\000x\000\040\000C\000r\000a\000t\000e}{section.8.1}% 76
\BOOKMARK [2][-]{subsection.8.1.2}{\376\377\000R\000E\0002}{section.8.1}% 77
\BOOKMARK [1][-]{section.8.2}{\376\377\000T\000e\000s\000t\000i\000n\000g\000\040\000S\000t\000r\000a\000t\000e\000g\000y}{chapter.8}% 78
\BOOKMARK [1][-]{section.8.3}{\376\377\000D\000a\000t\000a\000s\000e\000t\000\040\000P\000r\000e\000p\000a\000r\000a\000t\000i\000o\000n}{chapter.8}% 79
\BOOKMARK [2][-]{subsection.8.3.1}{\376\377\000S\000u\000b\000s\000t\000r\000i\000n\000g\000\040\000S\000e\000a\000r\000c\000h\000:\000\040\000H\000o\000w\000\040\000t\000h\000e\000\040\000C\000o\000r\000p\000u\000s\000\040\000I\000s\000\040\000R\000u\000n}{section.8.3}% 80
\BOOKMARK [1][-]{section.8.4}{\376\377\000C\000o\000r\000r\000e\000c\000t\000n\000e\000s\000s\000\040\000V\000e\000r\000i\000f\000i\000c\000a\000t\000i\000o\000n}{chapter.8}% 81
\BOOKMARK [2][-]{subsection.8.4.1}{\376\377\000P\000a\000p\000e\000r\000\040\000E\000x\000a\000m\000p\000l\000e\000s\000\040\000R\000e\000p\000r\000o\000d\000u\000c\000e\000d}{section.8.4}% 82
\BOOKMARK [2][-]{subsection.8.4.2}{\376\377\000C\000r\000o\000s\000s\000-\000I\000m\000p\000l\000e\000m\000e\000n\000t\000a\000t\000i\000o\000n\000\040\000E\000q\000u\000i\000v\000a\000l\000e\000n\000c\000e}{section.8.4}% 83
\BOOKMARK [1][-]{section.8.5}{\376\377\000P\000e\000r\000f\000o\000r\000m\000a\000n\000c\000e\000\040\000A\000n\000a\000l\000y\000s\000i\000s}{chapter.8}% 84
\BOOKMARK [2][-]{subsection.8.5.1}{\376\377\000S\000t\000a\000c\000k\000\040\000D\000e\000p\000t\000h\000:\000\040\000R\000e\000c\000u\000r\000s\000i\000v\000e\000\040\000v\000s\000.\000\040\000I\000t\000e\000r\000a\000t\000i\000v\000e\000\040\000C\000o\000n\000s\000t\000r\000u\000c\000t\000i\000o\000n}{section.8.5}% 85
\BOOKMARK [2][-]{subsection.8.5.2}{\376\377\000H\000e\000a\000p\000\040\000A\000l\000l\000o\000c\000a\000t\000i\000o\000n\000:\000\040\000d\000e\000r\000i\000v\000\137\000s\000t\000d\000\040\000v\000s\000.\000\040\000d\000e\000r\000i\000v\000\137\000b\000c}{section.8.5}% 86
\BOOKMARK [2][-]{subsection.8.5.3}{\376\377\000D\000e\000r\000i\000v\000a\000t\000i\000v\000e\000-\000B\000a\000s\000e\000d\000\040\000v\000s\000.\000\040\000P\000a\000r\000t\000i\000a\000l\000-\000D\000e\000r\000i\000v\000a\000t\000i\000v\000e\000-\000B\000a\000s\000e\000d}{section.8.5}% 87
\BOOKMARK [2][-]{subsection.8.5.4}{\376\377\000P\000a\000t\000h\000o\000l\000o\000g\000i\000c\000a\000l\000\040\000I\000n\000p\000u\000t\000s}{section.8.5}% 88
\BOOKMARK [2][-]{subsection.8.5.5}{\376\377\000B\000e\000n\000c\000h\000m\000a\000r\000k\000\040\000R\000e\000s\000u\000l\000t\000s}{section.8.5}% 89
\BOOKMARK [1][-]{section.8.6}{\376\377\000C\000o\000m\000p\000a\000r\000i\000s\000o\000n\000\040\000w\000i\000t\000h\000\040\000E\000x\000i\000s\000t\000i\000n\000g\000\040\000E\000n\000g\000i\000n\000e\000s}{chapter.8}% 90
\BOOKMARK [2][-]{subsection.8.6.1}{\376\377\000P\000e\000r\000f\000o\000r\000m\000a\000n\000c\000e}{section.8.6}% 91
\BOOKMARK [2][-]{subsection.8.6.2}{\376\377\000S\000t\000a\000n\000d\000a\000r\000d\000i\000z\000e\000d\000\040\000B\000e\000n\000c\000h\000m\000a\000r\000k\000i\000n\000g\000\040\000v\000i\000a\000\040\000r\000e\000b\000a\000r}{section.8.6}% 92
\BOOKMARK [1][-]{section.8.7}{\376\377\000O\000p\000t\000i\000m\000i\000z\000a\000t\000i\000o\000n\000\040\000C\000h\000a\000l\000l\000e\000n\000g\000e\000s\000\040\000a\000n\000d\000\040\000I\000n\000s\000i\000g\000h\000t\000s}{chapter.8}% 93
\BOOKMARK [1][-]{section.8.8}{\376\377\000D\000i\000s\000c\000u\000s\000s\000i\000o\000n\000\040\000o\000f\000\040\000R\000e\000s\000u\000l\000t\000s}{chapter.8}% 94
\BOOKMARK [0][-]{chapter.9}{\376\377\000R\000e\000l\000a\000t\000e\000d\000\040\000W\000o\000r\000k\000\040\000a\000n\000d\000\040\000C\000o\000n\000c\000l\000u\000s\000i\000o\000n}{}% 95
\BOOKMARK [1][-]{section.9.1}{\376\377\000R\000e\000l\000a\000t\000e\000d\000\040\000W\000o\000r\000k}{chapter.9}% 96
\BOOKMARK [1][-]{section.9.2}{\376\377\000C\000o\000n\000c\000l\000u\000s\000i\000o\000n}{chapter.9}% 97
\BOOKMARK [0][-]{appendix.A}{\376\377\000C\000o\000d\000e}{}% 98
\BOOKMARK [1][-]{section.A.1}{\376\377\000C\000o\000r\000e\000\040\000T\000y\000p\000e\000s}{appendix.A}% 99
\BOOKMARK [1][-]{section.A.2}{\376\377\000S\000h\000a\000r\000e\000d\000\040\000A\000l\000g\000o\000r\000i\000t\000h\000m\000s}{appendix.A}% 100
\BOOKMARK [1][-]{section.A.3}{\376\377\000M\000a\000t\000c\000h\000e\000r\000s}{appendix.A}% 101
\BOOKMARK [1][-]{section.A.4}{\376\377\000T\000h\000e\000\040\000d\000e\000r\000i\000v\000\137\000s\000t\000d\000\040\000P\000a\000r\000s\000e\000r}{appendix.A}% 102
\BOOKMARK [1][-]{section.A.5}{\376\377\000T\000h\000e\000\040\000d\000e\000r\000i\000v\000\137\000b\000c\000\040\000P\000a\000r\000s\000e\000r}{appendix.A}% 103
\BOOKMARK [1][-]{section.A.6}{\376\377\000T\000h\000e\000\040\000p\000d\000e\000r\000i\000v\000\137\000b\000c\000\040\000P\000a\000r\000s\000e\000r}{appendix.A}% 104
\BOOKMARK [1][-]{section.A.7}{\376\377\000T\000h\000e\000\040\000p\000d\000e\000r\000i\000v\000\137\000s\000t\000d\000\040\000P\000a\000r\000s\000e\000r}{appendix.A}% 105
\BOOKMARK [1][-]{section.A.8}{\376\377\000F\000r\000o\000n\000t\000e\000n\000d}{appendix.A}% 106
\BOOKMARK [0][-]{appendix.B}{\376\377\000T\000e\000s\000t\000s}{}% 107
\BOOKMARK [1][-]{section.B.1}{\376\377\000S\000h\000a\000r\000e\000d\000\040\000F\000i\000x\000t\000u\000r\000e\000s}{appendix.B}% 108
\BOOKMARK [1][-]{section.B.2}{\376\377\000P\000a\000p\000e\000r\000\040\000E\000x\000a\000m\000p\000l\000e\000s\000\040\000R\000e\000p\000r\000o\000d\000u\000c\000e\000d}{appendix.B}% 109
\BOOKMARK [1][-]{section.B.3}{\376\377\000C\000r\000o\000s\000s\000-\000I\000m\000p\000l\000e\000m\000e\000n\000t\000a\000t\000i\000o\000n\000\040\000E\000q\000u\000i\000v\000a\000l\000e\000n\000c\000e}{appendix.B}% 110
\BOOKMARK [1][-]{section.B.4}{\376\377\000F\000r\000o\000n\000t\000e\000n\000d}{appendix.B}% 111
\BOOKMARK [0][-]{appendix.C}{\376\377\000D\000i\000a\000g\000n\000o\000s\000t\000i\000c\000s}{}% 112
\BOOKMARK [1][-]{section.C.1}{\376\377\000d\000e\000r\000i\000v\000\137\000s\000t\000d\000\137\000r\000e\000c\000,\000\040\000m\000a\000t\000c\000h}{appendix.C}% 113
\BOOKMARK [1][-]{section.C.2}{\376\377\000d\000e\000r\000i\000v\000\137\000b\000c\000,\000\040\000m\000a\000t\000c\000h}{appendix.C}% 114
\BOOKMARK [1][-]{section.C.3}{\376\377\000p\000d\000e\000r\000i\000v\000\137\000s\000t\000d\000,\000\040\000m\000a\000t\000c\000h}{appendix.C}% 115
\BOOKMARK [1][-]{section.C.4}{\376\377\000p\000d\000e\000r\000i\000v\000\137\000b\000c\000,\000\040\000m\000a\000t\000c\000h}{appendix.C}% 116
\BOOKMARK [1][-]{section.C.5}{\376\377\000d\000e\000r\000i\000v\000\137\000s\000t\000d\000\137\000r\000e\000c\000,\000\040\000n\000o\000\040\000m\000a\000t\000c\000h}{appendix.C}% 117
\BOOKMARK [1][-]{section.C.6}{\376\377\000d\000e\000r\000i\000v\000\137\000b\000c\000,\000\040\000n\000o\000\040\000m\000a\000t\000c\000h}{appendix.C}% 118
\BOOKMARK [1][-]{section.C.7}{\376\377\000p\000d\000e\000r\000i\000v\000\137\000s\000t\000d\000,\000\040\000n\000o\000\040\000m\000a\000t\000c\000h}{appendix.C}% 119
\BOOKMARK [1][-]{section.C.8}{\376\377\000p\000d\000e\000r\000i\000v\000\137\000b\000c\000,\000\040\000n\000o\000\040\000m\000a\000t\000c\000h}{appendix.C}% 120
