This is pdfTeX, Version 3.141592653-2.6-1.40.25 (TeX Live 2023/Debian) (preloaded format=pdflatex 2026.9.4)  12 SEP 2026 02:05
entering extended mode
 restricted \write18 enabled.
 file:line:error style messages enabled.
 %&-line parsing enabled.
**/home/ilian/Dokumente/Projects/smart-regex/doc/main.tex
(/home/ilian/Dokumente/Projects/smart-regex/doc/main.tex
LaTeX2e <2023-11-01> patch level 1
L3 programming layer <2024-01-22>
(/usr/share/texlive/texmf-dist/tex/latex/base/report.cls
Document Class: report 2023/05/17 v1.4n Standard LaTeX document class
(/usr/share/texlive/texmf-dist/tex/latex/base/size12.clo
File: size12.clo 2023/05/17 v1.4n Standard LaTeX file (size option)
)
\c@part=\count187
\c@chapter=\count188
\c@section=\count189
\c@subsection=\count190
\c@subsubsection=\count191
\c@paragraph=\count192
\c@subparagraph=\count193
\c@figure=\count194
\c@table=\count195
\abovecaptionskip=\skip48
\belowcaptionskip=\skip49
\bibindent=\dimen140
) (/usr/share/texlive/texmf-dist/tex/latex/base/inputenc.sty
Package: inputenc 2021/02/14 v1.3d Input encoding file
\inpenc@prehook=\toks17
\inpenc@posthook=\toks18
) (/usr/share/texlive/texmf-dist/tex/latex/base/fontenc.sty
Package: fontenc 2021/04/29 v2.0v Standard LaTeX package
) (/usr/share/texlive/texmf-dist/tex/latex/amsmath/amsmath.sty
Package: amsmath 2023/05/13 v2.17o AMS math features
\@mathmargin=\skip50

For additional information on amsmath, use the `?' option.
(/usr/share/texlive/texmf-dist/tex/latex/amsmath/amstext.sty
Package: amstext 2021/08/26 v2.01 AMS text
 (/usr/share/texlive/texmf-dist/tex/latex/amsmath/amsgen.sty
File: amsgen.sty 1999/11/30 v2.0 generic functions
\@emptytoks=\toks19
\ex@=\dimen141
)) (/usr/share/texlive/texmf-dist/tex/latex/amsmath/amsbsy.sty
Package: amsbsy 1999/11/29 v1.2d Bold Symbols
\pmbraise@=\dimen142
) (/usr/share/texlive/texmf-dist/tex/latex/amsmath/amsopn.sty
Package: amsopn 2022/04/08 v2.04 operator names
)
\inf@bad=\count196
LaTeX Info: Redefining \frac on input line 234.
\uproot@=\count197
\leftroot@=\count198
LaTeX Info: Redefining \overline on input line 399.
LaTeX Info: Redefining \colon on input line 410.
\classnum@=\count199
\DOTSCASE@=\count266
LaTeX Info: Redefining \ldots on input line 496.
LaTeX Info: Redefining \dots on input line 499.
LaTeX Info: Redefining \cdots on input line 620.
\Mathstrutbox@=\box51
\strutbox@=\box52
LaTeX Info: Redefining \big on input line 722.
LaTeX Info: Redefining \Big on input line 723.
LaTeX Info: Redefining \bigg on input line 724.
LaTeX Info: Redefining \Bigg on input line 725.
\big@size=\dimen143
LaTeX Font Info:    Redeclaring font encoding OML on input line 743.
LaTeX Font Info:    Redeclaring font encoding OMS on input line 744.
\macc@depth=\count267
LaTeX Info: Redefining \bmod on input line 905.
LaTeX Info: Redefining \pmod on input line 910.
LaTeX Info: Redefining \smash on input line 940.
LaTeX Info: Redefining \relbar on input line 970.
LaTeX Info: Redefining \Relbar on input line 971.
\c@MaxMatrixCols=\count268
\dotsspace@=\muskip16
\c@parentequation=\count269
\dspbrk@lvl=\count270
\tag@help=\toks20
\row@=\count271
\column@=\count272
\maxfields@=\count273
\andhelp@=\toks21
\eqnshift@=\dimen144
\alignsep@=\dimen145
\tagshift@=\dimen146
\tagwidth@=\dimen147
\totwidth@=\dimen148
\lineht@=\dimen149
\@envbody=\toks22
\multlinegap=\skip51
\multlinetaggap=\skip52
\mathdisplay@stack=\toks23
LaTeX Info: Redefining \[ on input line 2953.
LaTeX Info: Redefining \] on input line 2954.
) (/usr/share/texlive/texmf-dist/tex/latex/amsfonts/amssymb.sty
Package: amssymb 2013/01/14 v3.01 AMS font symbols
 (/usr/share/texlive/texmf-dist/tex/latex/amsfonts/amsfonts.sty
Package: amsfonts 2013/01/14 v3.01 Basic AMSFonts support
\symAMSa=\mathgroup4
\symAMSb=\mathgroup5
LaTeX Font Info:    Redeclaring math symbol \hbar on input line 98.
LaTeX Font Info:    Overwriting math alphabet `\mathfrak' in version `bold'
(Font)                  U/euf/m/n --> U/euf/b/n on input line 106.
)) (/usr/share/texlive/texmf-dist/tex/latex/amscls/amsthm.sty
Package: amsthm 2020/05/29 v2.20.6
\thm@style=\toks24
\thm@bodyfont=\toks25
\thm@headfont=\toks26
\thm@notefont=\toks27
\thm@headpunct=\toks28
\thm@preskip=\skip53
\thm@postskip=\skip54
\thm@headsep=\skip55
\dth@everypar=\toks29
) (/usr/share/texlive/texmf-dist/tex/latex/graphics/graphicx.sty
Package: graphicx 2021/09/16 v1.2d Enhanced LaTeX Graphics (DPC,SPQR)
 (/usr/share/texlive/texmf-dist/tex/latex/graphics/keyval.sty
Package: keyval 2022/05/29 v1.15 key=value parser (DPC)
\KV@toks@=\toks30
) (/usr/share/texlive/texmf-dist/tex/latex/graphics/graphics.sty
Package: graphics 2022/03/10 v1.4e Standard LaTeX Graphics (DPC,SPQR)
 (/usr/share/texlive/texmf-dist/tex/latex/graphics/trig.sty
Package: trig 2021/08/11 v1.11 sin cos tan (DPC)
) (/usr/share/texlive/texmf-dist/tex/latex/graphics-cfg/graphics.cfg
File: graphics.cfg 2016/06/04 v1.11 sample graphics configuration
)
Package graphics Info: Driver file: pdftex.def on input line 107.
 (/usr/share/texlive/texmf-dist/tex/latex/graphics-def/pdftex.def
File: pdftex.def 2022/09/22 v1.2b Graphics/color driver for pdftex
))
\Gin@req@height=\dimen150
\Gin@req@width=\dimen151
) (/usr/share/texlive/texmf-dist/tex/latex/listings/listings.sty
\lst@mode=\count274
\lst@gtempboxa=\box53
\lst@token=\toks31
\lst@length=\count275
\lst@currlwidth=\dimen152
\lst@column=\count276
\lst@pos=\count277
\lst@lostspace=\dimen153
\lst@width=\dimen154
\lst@newlines=\count278
\lst@lineno=\count279
\lst@maxwidth=\dimen155
 (/usr/share/texlive/texmf-dist/tex/latex/listings/lstmisc.sty
File: lstmisc.sty 2023/02/27 1.9 (Carsten Heinz)
\c@lstnumber=\count280
\lst@skipnumbers=\count281
\lst@framebox=\box54
) (/usr/share/texlive/texmf-dist/tex/latex/listings/listings.cfg
File: listings.cfg 2023/02/27 1.9 listings configuration
))
Package: listings 2023/02/27 1.9 (Carsten Heinz)
 (/usr/share/texlive/texmf-dist/tex/latex/geometry/geometry.sty
Package: geometry 2020/01/02 v5.9 Page Geometry
 (/usr/share/texlive/texmf-dist/tex/generic/iftex/ifvtex.sty
Package: ifvtex 2019/10/25 v1.7 ifvtex legacy package. Use iftex instead.
 (/usr/share/texlive/texmf-dist/tex/generic/iftex/iftex.sty
Package: iftex 2022/02/03 v1.0f TeX engine tests
))
\Gm@cnth=\count282
\Gm@cntv=\count283
\c@Gm@tempcnt=\count284
\Gm@bindingoffset=\dimen156
\Gm@wd@mp=\dimen157
\Gm@odd@mp=\dimen158
\Gm@even@mp=\dimen159
\Gm@layoutwidth=\dimen160
\Gm@layoutheight=\dimen161
\Gm@layouthoffset=\dimen162
\Gm@layoutvoffset=\dimen163
\Gm@dimlist=\toks32
) (/usr/share/texlive/texmf-dist/tex/latex/natbib/natbib.sty
Package: natbib 2010/09/13 8.31b (PWD, AO)
\bibhang=\skip56
\bibsep=\skip57
LaTeX Info: Redefining \cite on input line 694.
\c@NAT@ctr=\count285
) (/usr/share/texlive/texmf-dist/tex/latex/parskip/parskip.sty
Package: parskip 2021-03-14 v2.0h non-zero parskip adjustments
 (/usr/share/texlive/texmf-dist/tex/latex/kvoptions/kvoptions.sty
Package: kvoptions 2022-06-15 v3.15 Key value format for package options (HO)
 (/usr/share/texlive/texmf-dist/tex/generic/ltxcmds/ltxcmds.sty
Package: ltxcmds 2023-12-04 v1.26 LaTeX kernel commands for general use (HO)
) (/usr/share/texlive/texmf-dist/tex/latex/kvsetkeys/kvsetkeys.sty
Package: kvsetkeys 2022-10-05 v1.19 Key value parser (HO)
)) (/usr/share/texlive/texmf-dist/tex/latex/etoolbox/etoolbox.sty
Package: etoolbox 2020/10/05 v2.5k e-TeX tools for LaTeX (JAW)
\etb@tempcnta=\count286
)) (/usr/share/texlive/texmf-dist/tex/latex/hyperref/hyperref.sty
Package: hyperref 2024-01-20 v7.01h Hypertext links for LaTeX
 (/usr/share/texlive/texmf-dist/tex/generic/kvdefinekeys/kvdefinekeys.sty
Package: kvdefinekeys 2019-12-19 v1.6 Define keys (HO)
) (/usr/share/texlive/texmf-dist/tex/generic/pdfescape/pdfescape.sty
Package: pdfescape 2019/12/09 v1.15 Implements pdfTeX's escape features (HO)
 (/usr/share/texlive/texmf-dist/tex/generic/pdftexcmds/pdftexcmds.sty
Package: pdftexcmds 2020-06-27 v0.33 Utility functions of pdfTeX for LuaTeX (HO)
 (/usr/share/texlive/texmf-dist/tex/generic/infwarerr/infwarerr.sty
Package: infwarerr 2019/12/03 v1.5 Providing info/warning/error messages (HO)
)
Package pdftexcmds Info: \pdf@primitive is available.
Package pdftexcmds Info: \pdf@ifprimitive is available.
Package pdftexcmds Info: \pdfdraftmode found.
)) (/usr/share/texlive/texmf-dist/tex/latex/hycolor/hycolor.sty
Package: hycolor 2020-01-27 v1.10 Color options for hyperref/bookmark (HO)
) (/usr/share/texlive/texmf-dist/tex/latex/auxhook/auxhook.sty
Package: auxhook 2019-12-17 v1.6 Hooks for auxiliary files (HO)
) (/usr/share/texlive/texmf-dist/tex/latex/hyperref/nameref.sty
Package: nameref 2023-11-26 v2.56 Cross-referencing by name of section
 (/usr/share/texlive/texmf-dist/tex/latex/refcount/refcount.sty
Package: refcount 2019/12/15 v3.6 Data extraction from label references (HO)
) (/usr/share/texlive/texmf-dist/tex/generic/gettitlestring/gettitlestring.sty
Package: gettitlestring 2019/12/15 v1.6 Cleanup title references (HO)
)
\c@section@level=\count287
)
\@linkdim=\dimen164
\Hy@linkcounter=\count288
\Hy@pagecounter=\count289
 (/usr/share/texlive/texmf-dist/tex/latex/hyperref/pd1enc.def
File: pd1enc.def 2024-01-20 v7.01h Hyperref: PDFDocEncoding definition (HO)
Now handling font encoding PD1 ...
... no UTF-8 mapping file for font encoding PD1
) (/usr/share/texlive/texmf-dist/tex/generic/intcalc/intcalc.sty
Package: intcalc 2019/12/15 v1.3 Expandable calculations with integers (HO)
)
\Hy@SavedSpaceFactor=\count290
 (/usr/share/texlive/texmf-dist/tex/latex/hyperref/puenc.def
File: puenc.def 2024-01-20 v7.01h Hyperref: PDF Unicode definition (HO)
Now handling font encoding PU ...
... no UTF-8 mapping file for font encoding PU
)
Package hyperref Info: Option `colorlinks' set `true' on input line 4062.
Package hyperref Info: Hyper figures OFF on input line 4179.
Package hyperref Info: Link nesting OFF on input line 4184.
Package hyperref Info: Hyper index ON on input line 4187.
Package hyperref Info: Plain pages OFF on input line 4194.
Package hyperref Info: Backreferencing OFF on input line 4199.
Package hyperref Info: Implicit mode ON; LaTeX internals redefined.
Package hyperref Info: Bookmarks ON on input line 4446.
\c@Hy@tempcnt=\count291
 (/usr/share/texlive/texmf-dist/tex/latex/url/url.sty
\Urlmuskip=\muskip17
Package: url 2013/09/16  ver 3.4  Verb mode for urls, etc.
)
LaTeX Info: Redefining \url on input line 4784.
\XeTeXLinkMargin=\dimen165
 (/usr/share/texlive/texmf-dist/tex/generic/bitset/bitset.sty
Package: bitset 2019/12/09 v1.3 Handle bit-vector datatype (HO)
 (/usr/share/texlive/texmf-dist/tex/generic/bigintcalc/bigintcalc.sty
Package: bigintcalc 2019/12/15 v1.5 Expandable calculations on big integers (HO)
))
\Fld@menulength=\count292
\Field@Width=\dimen166
\Fld@charsize=\dimen167
Package hyperref Info: Hyper figures OFF on input line 6063.
Package hyperref Info: Link nesting OFF on input line 6068.
Package hyperref Info: Hyper index ON on input line 6071.
Package hyperref Info: backreferencing OFF on input line 6078.
Package hyperref Info: Link coloring ON on input line 6081.
Package hyperref Info: Link coloring with OCG OFF on input line 6088.
Package hyperref Info: PDF/A mode OFF on input line 6093.
 (/usr/share/texlive/texmf-dist/tex/latex/base/atbegshi-ltx.sty
Package: atbegshi-ltx 2021/01/10 v1.0c Emulation of the original atbegshi
package with kernel methods
)
\Hy@abspage=\count293
\c@Item=\count294
\c@Hfootnote=\count295
)
Package hyperref Info: Driver (autodetected): hpdftex.
 (/usr/share/texlive/texmf-dist/tex/latex/hyperref/hpdftex.def
File: hpdftex.def 2024-01-20 v7.01h Hyperref driver for pdfTeX
 (/usr/share/texlive/texmf-dist/tex/latex/base/atveryend-ltx.sty
Package: atveryend-ltx 2020/08/19 v1.0a Emulation of the original atveryend package
with kernel methods
)
\Fld@listcount=\count296
\c@bookmark@seq@number=\count297
 (/usr/share/texlive/texmf-dist/tex/latex/rerunfilecheck/rerunfilecheck.sty
Package: rerunfilecheck 2022-07-10 v1.10 Rerun checks for auxiliary files (HO)
 (/usr/share/texlive/texmf-dist/tex/generic/uniquecounter/uniquecounter.sty
Package: uniquecounter 2019/12/15 v1.4 Provide unlimited unique counter (HO)
)
Package uniquecounter Info: New unique counter `rerunfilecheck' on input line 285.
)
\Hy@SectionHShift=\skip58
) (/usr/share/texlive/texmf-dist/tex/latex/titlesec/titlesec.sty
Package: titlesec 2023/10/27 v2.16 Sectioning titles
\ttl@box=\box55
\beforetitleunit=\skip59
\aftertitleunit=\skip60
\ttl@plus=\dimen168
\ttl@minus=\dimen169
\ttl@toksa=\toks33
\titlewidth=\dimen170
\titlewidthlast=\dimen171
\titlewidthfirst=\dimen172
) (/usr/share/texlive/texmf-dist/tex/latex/pgfplots/pgfplots.sty (/usr/share/texlive/texmf-dist/tex/generic/pgfplots/pgfplots.revision.tex)
Package: pgfplots 2021/05/15 v1.18.1 Data Visualization (1.18.1)
 (/usr/share/texlive/texmf-dist/tex/latex/pgf/frontendlayer/tikz.sty (/usr/share/texlive/texmf-dist/tex/latex/pgf/basiclayer/pgf.sty (/usr/share/texlive/texmf-dist/tex/latex/pgf/utilities/pgfrcs.sty (/usr/share/texlive/texmf-dist/tex/generic/pgf/utilities/pgfutil-common.tex
\pgfutil@everybye=\toks34
\pgfutil@tempdima=\dimen173
\pgfutil@tempdimb=\dimen174
) (/usr/share/texlive/texmf-dist/tex/generic/pgf/utilities/pgfutil-latex.def
\pgfutil@abb=\box56
) (/usr/share/texlive/texmf-dist/tex/generic/pgf/utilities/pgfrcs.code.tex (/usr/share/texlive/texmf-dist/tex/generic/pgf/pgf.revision.tex)
Package: pgfrcs 2023-01-15 v3.1.10 (3.1.10)
))
Package: pgf 2023-01-15 v3.1.10 (3.1.10)
 (/usr/share/texlive/texmf-dist/tex/latex/pgf/basiclayer/pgfcore.sty (/usr/share/texlive/texmf-dist/tex/latex/pgf/systemlayer/pgfsys.sty (/usr/share/texlive/texmf-dist/tex/generic/pgf/systemlayer/pgfsys.code.tex
Package: pgfsys 2023-01-15 v3.1.10 (3.1.10)
 (/usr/share/texlive/texmf-dist/tex/generic/pgf/utilities/pgfkeys.code.tex
\pgfkeys@pathtoks=\toks35
\pgfkeys@temptoks=\toks36
 (/usr/share/texlive/texmf-dist/tex/generic/pgf/utilities/pgfkeyslibraryfiltered.code.tex
\pgfkeys@tmptoks=\toks37
))
\pgf@x=\dimen175
\pgf@y=\dimen176
\pgf@xa=\dimen177
\pgf@ya=\dimen178
\pgf@xb=\dimen179
\pgf@yb=\dimen180
\pgf@xc=\dimen181
\pgf@yc=\dimen182
\pgf@xd=\dimen183
\pgf@yd=\dimen184
\w@pgf@writea=\write3
\r@pgf@reada=\read2
\c@pgf@counta=\count298
\c@pgf@countb=\count299
\c@pgf@countc=\count300
\c@pgf@countd=\count301
\t@pgf@toka=\toks38
\t@pgf@tokb=\toks39
\t@pgf@tokc=\toks40
\pgf@sys@id@count=\count302
 (/usr/share/texlive/texmf-dist/tex/generic/pgf/systemlayer/pgf.cfg
File: pgf.cfg 2023-01-15 v3.1.10 (3.1.10)
)
Driver file for pgf: pgfsys-pdftex.def
 (/usr/share/texlive/texmf-dist/tex/generic/pgf/systemlayer/pgfsys-pdftex.def
File: pgfsys-pdftex.def 2023-01-15 v3.1.10 (3.1.10)
 (/usr/share/texlive/texmf-dist/tex/generic/pgf/systemlayer/pgfsys-common-pdf.def
File: pgfsys-common-pdf.def 2023-01-15 v3.1.10 (3.1.10)
))) (/usr/share/texlive/texmf-dist/tex/generic/pgf/systemlayer/pgfsyssoftpath.code.tex
File: pgfsyssoftpath.code.tex 2023-01-15 v3.1.10 (3.1.10)
\pgfsyssoftpath@smallbuffer@items=\count303
\pgfsyssoftpath@bigbuffer@items=\count304
) (/usr/share/texlive/texmf-dist/tex/generic/pgf/systemlayer/pgfsysprotocol.code.tex
File: pgfsysprotocol.code.tex 2023-01-15 v3.1.10 (3.1.10)
)) (/usr/share/texlive/texmf-dist/tex/latex/xcolor/xcolor.sty
Package: xcolor 2023/11/15 v3.01 LaTeX color extensions (UK)
 (/usr/share/texlive/texmf-dist/tex/latex/graphics-cfg/color.cfg
File: color.cfg 2016/01/02 v1.6 sample color configuration
)
Package xcolor Info: Driver file: pdftex.def on input line 274.
 (/usr/share/texlive/texmf-dist/tex/latex/graphics/mathcolor.ltx)
Package xcolor Info: Model `cmy' substituted by `cmy0' on input line 1350.
Package xcolor Info: Model `hsb' substituted by `rgb' on input line 1354.
Package xcolor Info: Model `RGB' extended on input line 1366.
Package xcolor Info: Model `HTML' substituted by `rgb' on input line 1368.
Package xcolor Info: Model `Hsb' substituted by `hsb' on input line 1369.
Package xcolor Info: Model `tHsb' substituted by `hsb' on input line 1370.
Package xcolor Info: Model `HSB' substituted by `hsb' on input line 1371.
Package xcolor Info: Model `Gray' substituted by `gray' on input line 1372.
Package xcolor Info: Model `wave' substituted by `hsb' on input line 1373.
) (/usr/share/texlive/texmf-dist/tex/generic/pgf/basiclayer/pgfcore.code.tex
Package: pgfcore 2023-01-15 v3.1.10 (3.1.10)
 (/usr/share/texlive/texmf-dist/tex/generic/pgf/math/pgfmath.code.tex (/usr/share/texlive/texmf-dist/tex/generic/pgf/math/pgfmathutil.code.tex) (/usr/share/texlive/texmf-dist/tex/generic/pgf/math/pgfmathparser.code.tex
\pgfmath@dimen=\dimen185
\pgfmath@count=\count305
\pgfmath@box=\box57
\pgfmath@toks=\toks41
\pgfmath@stack@operand=\toks42
\pgfmath@stack@operation=\toks43
) (/usr/share/texlive/texmf-dist/tex/generic/pgf/math/pgfmathfunctions.code.tex) (/usr/share/texlive/texmf-dist/tex/generic/pgf/math/pgfmathfunctions.basic.code.tex) (/usr/share/texlive/texmf-dist/tex/generic/pgf/math/pgfmathfunctions.trigonometric.code.tex) (/usr/share/texlive/texmf-dist/tex/generic/pgf/math/pgfmathfunctions.random.code.tex) (/usr/share/texlive/texmf-dist/tex/generic/pgf/math/pgfmathfunctions.comparison.code.tex) (/usr/share/texlive/texmf-dist/tex/generic/pgf/math/pgfmathfunctions.base.code.tex) (/usr/share/texlive/texmf-dist/tex/generic/pgf/math/pgfmathfunctions.round.code.tex) (/usr/share/texlive/texmf-dist/tex/generic/pgf/math/pgfmathfunctions.misc.code.tex) (/usr/share/texlive/texmf-dist/tex/generic/pgf/math/pgfmathfunctions.integerarithmetics.code.tex) (/usr/share/texlive/texmf-dist/tex/generic/pgf/math/pgfmathcalc.code.tex) (/usr/share/texlive/texmf-dist/tex/generic/pgf/math/pgfmathfloat.code.tex
\c@pgfmathroundto@lastzeros=\count306
)) (/usr/share/texlive/texmf-dist/tex/generic/pgf/math/pgfint.code.tex) (/usr/share/texlive/texmf-dist/tex/generic/pgf/basiclayer/pgfcorepoints.code.tex
File: pgfcorepoints.code.tex 2023-01-15 v3.1.10 (3.1.10)
\pgf@picminx=\dimen186
\pgf@picmaxx=\dimen187
\pgf@picminy=\dimen188
\pgf@picmaxy=\dimen189
\pgf@pathminx=\dimen190
\pgf@pathmaxx=\dimen191
\pgf@pathminy=\dimen192
\pgf@pathmaxy=\dimen193
\pgf@xx=\dimen194
\pgf@xy=\dimen195
\pgf@yx=\dimen196
\pgf@yy=\dimen197
\pgf@zx=\dimen198
\pgf@zy=\dimen199
) (/usr/share/texlive/texmf-dist/tex/generic/pgf/basiclayer/pgfcorepathconstruct.code.tex
File: pgfcorepathconstruct.code.tex 2023-01-15 v3.1.10 (3.1.10)
\pgf@path@lastx=\dimen256
\pgf@path@lasty=\dimen257
) (/usr/share/texlive/texmf-dist/tex/generic/pgf/basiclayer/pgfcorepathusage.code.tex
File: pgfcorepathusage.code.tex 2023-01-15 v3.1.10 (3.1.10)
\pgf@shorten@end@additional=\dimen258
\pgf@shorten@start@additional=\dimen259
) (/usr/share/texlive/texmf-dist/tex/generic/pgf/basiclayer/pgfcorescopes.code.tex
File: pgfcorescopes.code.tex 2023-01-15 v3.1.10 (3.1.10)
\pgfpic=\box58
\pgf@hbox=\box59
\pgf@layerbox@main=\box60
\pgf@picture@serial@count=\count307
) (/usr/share/texlive/texmf-dist/tex/generic/pgf/basiclayer/pgfcoregraphicstate.code.tex
File: pgfcoregraphicstate.code.tex 2023-01-15 v3.1.10 (3.1.10)
\pgflinewidth=\dimen260
) (/usr/share/texlive/texmf-dist/tex/generic/pgf/basiclayer/pgfcoretransformations.code.tex
File: pgfcoretransformations.code.tex 2023-01-15 v3.1.10 (3.1.10)
\pgf@pt@x=\dimen261
\pgf@pt@y=\dimen262
\pgf@pt@temp=\dimen263
) (/usr/share/texlive/texmf-dist/tex/generic/pgf/basiclayer/pgfcorequick.code.tex
File: pgfcorequick.code.tex 2023-01-15 v3.1.10 (3.1.10)
) (/usr/share/texlive/texmf-dist/tex/generic/pgf/basiclayer/pgfcoreobjects.code.tex
File: pgfcoreobjects.code.tex 2023-01-15 v3.1.10 (3.1.10)
) (/usr/share/texlive/texmf-dist/tex/generic/pgf/basiclayer/pgfcorepathprocessing.code.tex
File: pgfcorepathprocessing.code.tex 2023-01-15 v3.1.10 (3.1.10)
) (/usr/share/texlive/texmf-dist/tex/generic/pgf/basiclayer/pgfcorearrows.code.tex
File: pgfcorearrows.code.tex 2023-01-15 v3.1.10 (3.1.10)
\pgfarrowsep=\dimen264
) (/usr/share/texlive/texmf-dist/tex/generic/pgf/basiclayer/pgfcoreshade.code.tex
File: pgfcoreshade.code.tex 2023-01-15 v3.1.10 (3.1.10)
\pgf@max=\dimen265
\pgf@sys@shading@range@num=\count308
\pgf@shadingcount=\count309
) (/usr/share/texlive/texmf-dist/tex/generic/pgf/basiclayer/pgfcoreimage.code.tex
File: pgfcoreimage.code.tex 2023-01-15 v3.1.10 (3.1.10)
) (/usr/share/texlive/texmf-dist/tex/generic/pgf/basiclayer/pgfcoreexternal.code.tex
File: pgfcoreexternal.code.tex 2023-01-15 v3.1.10 (3.1.10)
\pgfexternal@startupbox=\box61
) (/usr/share/texlive/texmf-dist/tex/generic/pgf/basiclayer/pgfcorelayers.code.tex
File: pgfcorelayers.code.tex 2023-01-15 v3.1.10 (3.1.10)
) (/usr/share/texlive/texmf-dist/tex/generic/pgf/basiclayer/pgfcoretransparency.code.tex
File: pgfcoretransparency.code.tex 2023-01-15 v3.1.10 (3.1.10)
) (/usr/share/texlive/texmf-dist/tex/generic/pgf/basiclayer/pgfcorepatterns.code.tex
File: pgfcorepatterns.code.tex 2023-01-15 v3.1.10 (3.1.10)
) (/usr/share/texlive/texmf-dist/tex/generic/pgf/basiclayer/pgfcorerdf.code.tex
File: pgfcorerdf.code.tex 2023-01-15 v3.1.10 (3.1.10)
))) (/usr/share/texlive/texmf-dist/tex/generic/pgf/modules/pgfmoduleshapes.code.tex
File: pgfmoduleshapes.code.tex 2023-01-15 v3.1.10 (3.1.10)
\pgfnodeparttextbox=\box62
) (/usr/share/texlive/texmf-dist/tex/generic/pgf/modules/pgfmoduleplot.code.tex
File: pgfmoduleplot.code.tex 2023-01-15 v3.1.10 (3.1.10)
) (/usr/share/texlive/texmf-dist/tex/latex/pgf/compatibility/pgfcomp-version-0-65.sty
Package: pgfcomp-version-0-65 2023-01-15 v3.1.10 (3.1.10)
\pgf@nodesepstart=\dimen266
\pgf@nodesepend=\dimen267
) (/usr/share/texlive/texmf-dist/tex/latex/pgf/compatibility/pgfcomp-version-1-18.sty
Package: pgfcomp-version-1-18 2023-01-15 v3.1.10 (3.1.10)
)) (/usr/share/texlive/texmf-dist/tex/latex/pgf/utilities/pgffor.sty (/usr/share/texlive/texmf-dist/tex/latex/pgf/utilities/pgfkeys.sty (/usr/share/texlive/texmf-dist/tex/generic/pgf/utilities/pgfkeys.code.tex)) (/usr/share/texlive/texmf-dist/tex/latex/pgf/math/pgfmath.sty (/usr/share/texlive/texmf-dist/tex/generic/pgf/math/pgfmath.code.tex)) (/usr/share/texlive/texmf-dist/tex/generic/pgf/utilities/pgffor.code.tex
Package: pgffor 2023-01-15 v3.1.10 (3.1.10)
\pgffor@iter=\dimen268
\pgffor@skip=\dimen269
\pgffor@stack=\toks44
\pgffor@toks=\toks45
)) (/usr/share/texlive/texmf-dist/tex/generic/pgf/frontendlayer/tikz/tikz.code.tex
Package: tikz 2023-01-15 v3.1.10 (3.1.10)
 (/usr/share/texlive/texmf-dist/tex/generic/pgf/libraries/pgflibraryplothandlers.code.tex
File: pgflibraryplothandlers.code.tex 2023-01-15 v3.1.10 (3.1.10)
\pgf@plot@mark@count=\count310
\pgfplotmarksize=\dimen270
)
\tikz@lastx=\dimen271
\tikz@lasty=\dimen272
\tikz@lastxsaved=\dimen273
\tikz@lastysaved=\dimen274
\tikz@lastmovetox=\dimen275
\tikz@lastmovetoy=\dimen276
\tikzleveldistance=\dimen277
\tikzsiblingdistance=\dimen278
\tikz@figbox=\box63
\tikz@figbox@bg=\box64
\tikz@tempbox=\box65
\tikz@tempbox@bg=\box66
\tikztreelevel=\count311
\tikznumberofchildren=\count312
\tikznumberofcurrentchild=\count313
\tikz@fig@count=\count314
 (/usr/share/texlive/texmf-dist/tex/generic/pgf/modules/pgfmodulematrix.code.tex
File: pgfmodulematrix.code.tex 2023-01-15 v3.1.10 (3.1.10)
\pgfmatrixcurrentrow=\count315
\pgfmatrixcurrentcolumn=\count316
\pgf@matrix@numberofcolumns=\count317
)
\tikz@expandcount=\count318
 (/usr/share/texlive/texmf-dist/tex/generic/pgf/frontendlayer/tikz/libraries/tikzlibrarytopaths.code.tex
File: tikzlibrarytopaths.code.tex 2023-01-15 v3.1.10 (3.1.10)
))) (/usr/share/texlive/texmf-dist/tex/generic/pgfplots/pgfplots.code.tex (/usr/share/texlive/texmf-dist/tex/generic/pgfplots/pgfplotscore.code.tex
\t@pgfplots@toka=\toks46
\t@pgfplots@tokb=\toks47
\t@pgfplots@tokc=\toks48
\pgfplots@tmpa=\dimen279
\c@pgfplots@coordindex=\count319
\c@pgfplots@scanlineindex=\count320
 (/usr/share/texlive/texmf-dist/tex/generic/pgfplots/sys/pgfplotssysgeneric.code.tex)) (/usr/share/texlive/texmf-dist/tex/generic/pgfplots/libs/pgfplotslibrary.code.tex) (/usr/share/texlive/texmf-dist/tex/generic/pgfplots/oldpgfcompatib/pgfplotsoldpgfsupp_loader.code.tex (/usr/share/texlive/texmf-dist/tex/generic/pgf/libraries/pgflibraryfpu.code.tex)
Package pgfplots: loading complementary utilities for your pgf version...
\t@pgf@toka=\toks49
\t@pgf@tokb=\toks50
\t@pgf@tokc=\toks51
(/usr/share/texlive/texmf-dist/tex/generic/pgfplots/oldpgfcompatib/pgfplotsoldpgfsupp_pgfutil-common-lists.tex)) (/usr/share/texlive/texmf-dist/tex/generic/pgfplots/util/pgfplotsutil.code.tex (/usr/share/texlive/texmf-dist/tex/generic/pgfplots/liststructure/pgfplotsliststructure.code.tex) (/usr/share/texlive/texmf-dist/tex/generic/pgfplots/liststructure/pgfplotsliststructureext.code.tex) (/usr/share/texlive/texmf-dist/tex/generic/pgfplots/liststructure/pgfplotsarray.code.tex
\c@pgfplotsarray@tmp=\count321
) (/usr/share/texlive/texmf-dist/tex/generic/pgfplots/liststructure/pgfplotsmatrix.code.tex) (/usr/share/texlive/texmf-dist/tex/generic/pgfplots/numtable/pgfplotstableshared.code.tex
\c@pgfplotstable@counta=\count322
\t@pgfplotstable@a=\toks52
) (/usr/share/texlive/texmf-dist/tex/generic/pgfplots/liststructure/pgfplotsdeque.code.tex) (/usr/share/texlive/texmf-dist/tex/generic/pgfplots/util/pgfplotsbinary.code.tex (/usr/share/texlive/texmf-dist/tex/generic/pgfplots/util/pgfplotsbinary.data.code.tex)) (/usr/share/texlive/texmf-dist/tex/generic/pgfplots/util/pgfplotsutil.verb.code.tex) (/usr/share/texlive/texmf-dist/tex/generic/pgfplots/libs/pgflibrarypgfplots.surfshading.code.tex
\c@pgfplotslibrarysurf@no=\count323
 (/usr/share/texlive/texmf-dist/tex/generic/pgfplots/sys/pgflibrarypgfplots.surfshading.pgfsys-pdftex.def))) (/usr/share/texlive/texmf-dist/tex/generic/pgfplots/util/pgfplotscolormap.code.tex (/usr/share/texlive/texmf-dist/tex/generic/pgfplots/util/pgfplotscolor.code.tex)) (/usr/share/texlive/texmf-dist/tex/generic/pgfplots/pgfplotsstackedplots.code.tex) (/usr/share/texlive/texmf-dist/tex/generic/pgfplots/pgfplotsplothandlers.code.tex (/usr/share/texlive/texmf-dist/tex/generic/pgfplots/pgfplotsmeshplothandler.code.tex (/usr/share/texlive/texmf-dist/tex/generic/pgfplots/pgfplotsmeshplotimage.code.tex))) (/usr/share/texlive/texmf-dist/tex/generic/pgfplots/pgfplots.scaling.code.tex) (/usr/share/texlive/texmf-dist/tex/generic/pgfplots/pgfplotscoordprocessing.code.tex) (/usr/share/texlive/texmf-dist/tex/generic/pgfplots/pgfplots.errorbars.code.tex) (/usr/share/texlive/texmf-dist/tex/generic/pgfplots/pgfplots.markers.code.tex) (/usr/share/texlive/texmf-dist/tex/generic/pgfplots/pgfplotsticks.code.tex) (/usr/share/texlive/texmf-dist/tex/generic/pgfplots/pgfplots.paths.code.tex) (/usr/share/texlive/texmf-dist/tex/generic/pgf/frontendlayer/tikz/libraries/tikzlibrarydecorations.code.tex (/usr/share/texlive/texmf-dist/tex/generic/pgf/modules/pgfmoduledecorations.code.tex
\pgfdecoratedcompleteddistance=\dimen280
\pgfdecoratedremainingdistance=\dimen281
\pgfdecoratedinputsegmentcompleteddistance=\dimen282
\pgfdecoratedinputsegmentremainingdistance=\dimen283
\pgf@decorate@distancetomove=\dimen284
\pgf@decorate@repeatstate=\count324
\pgfdecorationsegmentamplitude=\dimen285
\pgfdecorationsegmentlength=\dimen286
)
\tikz@lib@dec@box=\box67
) (/usr/share/texlive/texmf-dist/tex/generic/pgf/frontendlayer/tikz/libraries/tikzlibrarydecorations.pathmorphing.code.tex (/usr/share/texlive/texmf-dist/tex/generic/pgf/libraries/decorations/pgflibrarydecorations.pathmorphing.code.tex)) (/usr/share/texlive/texmf-dist/tex/generic/pgf/frontendlayer/tikz/libraries/tikzlibrarydecorations.pathreplacing.code.tex (/usr/share/texlive/texmf-dist/tex/generic/pgf/libraries/decorations/pgflibrarydecorations.pathreplacing.code.tex)) (/usr/share/texlive/texmf-dist/tex/generic/pgfplots/libs/tikzlibrarypgfplots.contourlua.code.tex)
\pgfplots@numplots=\count325
\pgfplots@xmin@reg=\dimen287
\pgfplots@xmax@reg=\dimen288
\pgfplots@ymin@reg=\dimen289
\pgfplots@ymax@reg=\dimen290
\pgfplots@zmin@reg=\dimen291
\pgfplots@zmax@reg=\dimen292
) (/usr/share/texlive/texmf-dist/tex/generic/pgf/frontendlayer/tikz/libraries/tikzlibraryplotmarks.code.tex
File: tikzlibraryplotmarks.code.tex 2023-01-15 v3.1.10 (3.1.10)
 (/usr/share/texlive/texmf-dist/tex/generic/pgf/libraries/pgflibraryplotmarks.code.tex
File: pgflibraryplotmarks.code.tex 2023-01-15 v3.1.10 (3.1.10)
))) (/usr/share/texlive/texmf-dist/tex/latex/l3backend/l3backend-pdftex.def
File: l3backend-pdftex.def 2024-01-04 L3 backend support: PDF output (pdfTeX)
\l__color_backend_stack_int=\count326
\l__pdf_internal_box=\box68
) (./main.aux (./chapters/01_introduction.aux) (./chapters/02_regular_expressions.aux) (./chapters/03_derivatives.aux) (./chapters/04_matching_vs_parsing.aux) (./chapters/05_derivative_parser.aux) (./chapters/06_partial_derivative_parser.aux) (./chapters/07_frontend.aux) (./chapters/08_evaluation.aux) (./chapters/09_discussion.aux) (./chapters/10_related_work_and_conclusion.aux) (./chapters/appendices.aux))
\openout1 = `main.aux'.

LaTeX Font Info:    Checking defaults for OML/cmm/m/it on input line 35.
LaTeX Font Info:    ... okay on input line 35.
LaTeX Font Info:    Checking defaults for OMS/cmsy/m/n on input line 35.
LaTeX Font Info:    ... okay on input line 35.
LaTeX Font Info:    Checking defaults for OT1/cmr/m/n on input line 35.
LaTeX Font Info:    ... okay on input line 35.
LaTeX Font Info:    Checking defaults for T1/cmr/m/n on input line 35.
LaTeX Font Info:    ... okay on input line 35.
LaTeX Font Info:    Checking defaults for TS1/cmr/m/n on input line 35.
LaTeX Font Info:    ... okay on input line 35.
LaTeX Font Info:    Checking defaults for OMX/cmex/m/n on input line 35.
LaTeX Font Info:    ... okay on input line 35.
LaTeX Font Info:    Checking defaults for U/cmr/m/n on input line 35.
LaTeX Font Info:    ... okay on input line 35.
LaTeX Font Info:    Checking defaults for PD1/pdf/m/n on input line 35.
LaTeX Font Info:    ... okay on input line 35.
LaTeX Font Info:    Checking defaults for PU/pdf/m/n on input line 35.
LaTeX Font Info:    ... okay on input line 35.
 (/usr/share/texlive/texmf-dist/tex/context/base/mkii/supp-pdf.mkii
[Loading MPS to PDF converter (version 2006.09.02).]
\scratchcounter=\count327
\scratchdimen=\dimen293
\scratchbox=\box69
\nofMPsegments=\count328
\nofMParguments=\count329
\everyMPshowfont=\toks53
\MPscratchCnt=\count330
\MPscratchDim=\dimen294
\MPnumerator=\count331
\makeMPintoPDFobject=\count332
\everyMPtoPDFconversion=\toks54
) (/usr/share/texlive/texmf-dist/tex/latex/epstopdf-pkg/epstopdf-base.sty
Package: epstopdf-base 2020-01-24 v2.11 Base part for package epstopdf
Package epstopdf-base Info: Redefining graphics rule for `.eps' on input line 485.
 (/usr/share/texlive/texmf-dist/tex/latex/latexconfig/epstopdf-sys.cfg
File: epstopdf-sys.cfg 2010/07/13 v1.3 Configuration of (r)epstopdf for TeX Live
))
\c@lstlisting=\count333

*geometry* driver: auto-detecting
*geometry* detected driver: pdftex
*geometry* verbose mode - [ preamble ] result:
* driver: pdftex
* paper: a4paper
* layout: <same size as paper>
* layoutoffset:(h,v)=(0.0pt,0.0pt)
* modes: 
* h-part:(L,W,R)=(71.13188pt, 455.24411pt, 71.13188pt)
* v-part:(T,H,B)=(71.13188pt, 702.78308pt, 71.13188pt)
* \paperwidth=597.50787pt
* \paperheight=845.04684pt
* \textwidth=455.24411pt
* \textheight=702.78308pt
* \oddsidemargin=-1.1381pt
* \evensidemargin=-1.1381pt
* \topmargin=-38.1381pt
* \headheight=12.0pt
* \headsep=25.0pt
* \topskip=12.0pt
* \footskip=30.0pt
* \marginparwidth=35.0pt
* \marginparsep=10.0pt
* \columnsep=10.0pt
* \skip\footins=10.8pt plus 4.0pt minus 2.0pt
* \hoffset=0.0pt
* \voffset=0.0pt
* \mag=1000
* \@twocolumnfalse
* \@twosidefalse
* \@mparswitchfalse
* \@reversemarginfalse
* (1in=72.27pt=25.4mm, 1cm=28.453pt)

Package hyperref Info: Link coloring ON on input line 35.
(./main.out) (./main.out)
\@outlinefile=\write4
\openout4 = `main.out'.


Package pgfplots notification 'compat/show suggested version=true': document has been generated with the most recent feature set (\pgfplotsset{compat=1.18}).

LaTeX Font Info:    Trying to load font information for U+msa on input line 38.
(/usr/share/texlive/texmf-dist/tex/latex/amsfonts/umsa.fd
File: umsa.fd 2013/01/14 v3.01 AMS symbols A
)
LaTeX Font Info:    Trying to load font information for U+msb on input line 38.
 (/usr/share/texlive/texmf-dist/tex/latex/amsfonts/umsb.fd
File: umsb.fd 2013/01/14 v3.01 AMS symbols B
) [1

{/var/lib/texmf/fonts/map/pdftex/updmap/pdftex.map}] (./main.toc
LaTeX Font Info:    Trying to load font information for T1+cmtt on input line 44.
 (/usr/share/texlive/texmf-dist/tex/latex/base/t1cmtt.fd
File: t1cmtt.fd 2023/04/13 v2.5m Standard LaTeX font definitions
)
pdfTeX warning (ext4): destination with the same identifier (name{page.1}) has been already used, duplicate ignored
<to be read again> 
                   \relax 
l.53 ...exttt {mk\_eps\_bc}}{32}{subsection.5.6.4}
                                                  % [1

] [2])
\tf@toc=\write5
\openout5 = `main.toc'.

 [3]
\openout2 = `chapters/01_introduction.aux'.

 (./chapters/01_introduction.tex
Chapter 1.
[4


] [5]) [6]
\openout2 = `chapters/02_regular_expressions.aux'.

 (./chapters/02_regular_expressions.tex
Chapter 2.
[7




] [8] [9]) [10]
\openout2 = `chapters/03_derivatives.aux'.

 (./chapters/03_derivatives.tex
Chapter 3.
[11




] [12]
Overfull \hbox (40.16563pt too wide) detected at line 213
\OT1/cmr/m/n/12 (0 + 1)[]\OMS/cmsy/m/n/12 n\OT1/cmtt/m/n/12 1  \OT1/cmr/m/n/12 =  [](0\OMS/cmsy/m/n/12 n\OT1/cmtt/m/n/12 1\OT1/cmr/m/n/12 ) + (1\OMS/cmsy/m/n/12 n\OT1/cmtt/m/n/12 1\OT1/cmr/m/n/12 )[] \OMS/cmsy/m/n/12 ^^A \OT1/cmr/m/n/12 (0 + 1)[]  =  (\OMS/cmsy/m/n/12 ; \OT1/cmr/m/n/12 + \OML/cmm/m/it/12 "\OT1/cmr/m/n/12 ) \OMS/cmsy/m/n/12 ^^A \OT1/cmr/m/n/12 (0 + 1)[]  =  (0 + 1)[] []
 []

[13]
Overfull \hbox (14.76065pt too wide) detected at line 221
\OT1/cmr/m/n/12 ((0 + 1)[] \OMS/cmsy/m/n/12 ^^A \OT1/cmr/m/n/12 0)\OMS/cmsy/m/n/12 n\OT1/cmtt/m/n/12 1  \OT1/cmr/m/n/12 =  [](0 + 1)[]\OMS/cmsy/m/n/12 n\OT1/cmtt/m/n/12 1[] \OMS/cmsy/m/n/12 ^^A \OT1/cmr/m/n/12 0  +  (0\OMS/cmsy/m/n/12 n\OT1/cmtt/m/n/12 1\OT1/cmr/m/n/12 )  =  (0 + 1)[] \OMS/cmsy/m/n/12 ^^A \OT1/cmr/m/n/12 0  +  \OMS/cmsy/m/n/12 ;  \OT1/cmr/m/n/12 =  (0 + 1)[] \OMS/cmsy/m/n/12 ^^A \OT1/cmr/m/n/12 0 []
 []


Overfull \hbox (31.49387pt too wide) detected at line 264
\OT1/cmr/m/n/12 ((0 + 1)[] \OMS/cmsy/m/n/12 ^^A \OT1/cmr/m/n/12 0 + \OML/cmm/m/it/12 "\OT1/cmr/m/n/12 )\OMS/cmsy/m/n/12 n\OT1/cmtt/m/n/12 1  \OT1/cmr/m/n/12 =  []((0 + 1)[] \OMS/cmsy/m/n/12 ^^A \OT1/cmr/m/n/12 0)\OMS/cmsy/m/n/12 n\OT1/cmtt/m/n/12 1[] \OT1/cmr/m/n/12 + (\OML/cmm/m/it/12 "\OMS/cmsy/m/n/12 n\OT1/cmtt/m/n/12 1\OT1/cmr/m/n/12 )  =  (0 + 1)[] \OMS/cmsy/m/n/12 ^^A \OT1/cmr/m/n/12 0  +  \OMS/cmsy/m/n/12 ;  \OT1/cmr/m/n/12 =  (0 + 1)[] \OMS/cmsy/m/n/12 ^^A \OT1/cmr/m/n/12 0 []
 []


Overfull \hbox (1.31664pt too wide) in paragraph at lines 293--301
\T1/cmr/m/n/12 (\T1/cmtt/m/n/12 src/matchers/match_deriv.rs\T1/cmr/m/n/12 ) folds \T1/cmtt/m/n/12 deriv \T1/cmr/m/n/12 over the in-put char-ac-ters, ap-plies \T1/cmtt/m/n/12 simplify
 []

[14] [15]
Overfull \hbox (8.66957pt too wide) detected at line 415
\OML/cmm/m/it/12 pd\OT1/cmr/m/n/12 (\OML/cmm/m/it/12 r[]; \OT1/cmtt/m/n/12 1\OML/cmm/m/it/12 ; \OT1/cmtt/m/n/12 0\OT1/cmr/m/n/12 )  =  \OMS/cmsy/m/n/12 f []\OT1/cmr/m/n/12 (\OML/cmm/m/it/12 r[]; \OT1/cmr/m/n/12 1) \OMS/cmsy/m/n/12 j \OML/cmm/m/it/12 r[] \OMS/cmsy/m/n/12 2 f\OT1/cmr/m/n/12 (0 + 1)[] \OMS/cmsy/m/n/12 ^^A \OT1/cmr/m/n/12 0\OML/cmm/m/it/12 ;  "\OMS/cmsy/m/n/12 g g  \OT1/cmr/m/n/12 =  \OMS/cmsy/m/n/12 f\OT1/cmr/m/n/12 (0 + 1)[] \OMS/cmsy/m/n/12 ^^A \OT1/cmr/m/n/12 0 \OMS/cmsy/m/n/12 ^^A \OT1/cmr/m/n/12 1\OML/cmm/m/it/12 ;  \OT1/cmr/m/n/12 1\OMS/cmsy/m/n/12 g  \OT1/cmr/m/n/12 =  \OMS/cmsy/m/n/12 f\OML/cmm/m/it/12 r[];  \OT1/cmr/m/n/12 1\OMS/cmsy/m/n/12 g\OML/cmm/m/it/12 :
 []

[16]

Package natbib Warning: Citation `rust-hashset' on page 17 undefined on input line 471.

[17]) [18]
\openout2 = `chapters/04_matching_vs_parsing.aux'.

 (./chapters/04_matching_vs_parsing.tex
Chapter 4.
[19




] [20] [21] [22]) [23]
\openout2 = `chapters/05_derivative_parser.aux'.

 (./chapters/05_derivative_parser.tex
Chapter 5.
[24




] [25]
Overfull \hbox (23.42601pt too wide) in paragraph at lines 194--206
\T1/cmr/m/n/12 The di-rect con-struc-tion of Sec-tion [][]5.1[][] must re-tain the en-tire forward-pass se-quence $\OML/cmm/m/it/12 r[]; r[]; [] ; r[]$
 []

[26] [27] [28]
LaTeX Font Info:    Font shape `T1/cmtt/bx/n' in size <17.28> not available
(Font)              Font shape `T1/cmtt/m/n' tried instead on input line 422.
LaTeX Font Info:    Font shape `T1/cmtt/bx/n' in size <14.4> not available
(Font)              Font shape `T1/cmtt/m/n' tried instead on input line 432.
 [29]
Overfull \hbox (1.8068pt too wide) in paragraph at lines 492--512
\T1/cmr/m/n/12 Both func-tions (\T1/cmtt/m/n/12 src/parsers/deriv_std/parse.rs\T1/cmr/m/n/12 ) com-pute the iden-ti-cal re-sult -- shown
 []

[30]
Overfull \hbox (21.48375pt too wide) in paragraph at lines 552--575
\T1/cmr/m/n/12 whose cases (Phi prop-a-ga-tion, epsilon-elimination via \T1/cmtt/m/n/12 fuse\T1/cmr/m/n/12 , and list-flattening/first-occurrence
 []

[31]
LaTeX Font Info:    Font shape `T1/cmtt/bx/n' in size <12> not available
(Font)              Font shape `T1/cmtt/m/n' tried instead on input line 625.
 [32] [33] [34] [35] [36] [37]) [38]
\openout2 = `chapters/06_partial_derivative_parser.aux'.

 (./chapters/06_partial_derivative_parser.tex
Chapter 6.
[39




]
Overfull \hbox (211.10483pt too wide) detected at line 124
[]
 []


Overfull \hbox (0.82869pt too wide) in paragraph at lines 142--154
\T1/cmtt/m/n/12 src/parsers/pderiv_bc/pderiv.rs \T1/cmr/m/n/12 tran-scribes $[]$ case for case, as \T1/cmtt/m/n/12 Vec<(Regex,
 []

[40]
Overfull \hbox (15.50073pt too wide) in paragraph at lines 155--171
[]\T1/cmtt/m/n/12 step_frontier\T1/cmr/m/n/12 /\T1/cmtt/m/n/12 select_bits \T1/cmr/m/n/12 (\T1/cmtt/m/n/12 src/parsers/pderiv_bc/parse.rs\T1/cmr/m/n/12 ) im-ple-ment the frontier-
 []

[41] [42] [43] [44] [45] [46] [47]) [48]
\openout2 = `chapters/07_frontend.aux'.

 (./chapters/07_frontend.tex
Chapter 7.

Overfull \hbox (20.87297pt too wide) in paragraph at lines 60--71
\T1/cmr/m/n/12 parser to \T1/cmtt/m/n/12 Regex \T1/cmr/m/n/12 in one pass, is what makes \T1/cmtt/m/n/12 translate \T1/cmr/m/n/12 in-de-pen-dently testable: \T1/cmtt/m/n/12 translate.rs\T1/cmr/m/n/12 's
 []

[49




]
Overfull \hbox (47.40265pt too wide) in paragraph at lines 75--86
\T1/cmr/m/n/12 tured di-rectly af-ter \T1/cmtt/m/n/12 Text.Regex.PDeriv.Parse\T1/cmr/m/n/12 's own gram-mar -- \T1/cmtt/m/n/12 p_ere\T1/cmr/m/n/12 /\T1/cmtt/m/n/12 p_branch\T1/cmr/m/n/12 /\T1/cmtt/m/n/12 p_exp\T1/cmr/m/n/12 /\T1/cmtt/m/n/12 p_atom\T1/cmr/m/n/12 /
 []


Overfull \hbox (30.84694pt too wide) in paragraph at lines 75--86
\T1/cmtt/m/n/12 p_group\T1/cmr/m/n/12 /\T1/cmtt/m/n/12 p_charclass\T1/cmr/m/n/12 /\T1/cmtt/m/n/12 p_enum\T1/cmr/m/n/12 /\T1/cmtt/m/n/12 p_bound \T1/cmr/m/n/12 be-come \T1/cmtt/m/n/12 parse_or\T1/cmr/m/n/12 /\T1/cmtt/m/n/12 parse_concat\T1/cmr/m/n/12 /\T1/cmtt/m/n/12 parse_postfixed\T1/cmr/m/n/12 /
 []


Overfull \hbox (43.76384pt too wide) in paragraph at lines 95--105
[]\T1/cmr/bx/n/12 Backreferences and lookaround are re-jected out-right. \T1/cmtt/m/n/12 \1\T1/cmr/m/n/12 --\T1/cmtt/m/n/12 \9 \T1/cmr/m/n/12 and \T1/cmtt/m/n/12 (?=\T1/cmr/m/n/12 /\T1/cmtt/m/n/12 (?!\T1/cmr/m/n/12 /\T1/cmtt/m/n/12 (?<=\T1/cmr/m/n/12 /\T1/cmtt/m/n/12 (?<!
 []

[50]
Overfull \hbox (14.459pt too wide) in paragraph at lines 154--170
[] []\T1/cmr/bx/n/12 Char-ac-ter classes are or-di-nary al-ter-na-tion, not a prim-i-tive.[] \T1/cmtt/m/n/12 Any\T1/cmr/m/n/12 /\T1/cmtt/m/n/12 NoneOf\T1/cmr/m/n/12 /\T1/cmtt/m/n/12 Dot\T1/cmr/m/n/12 /class-
 []


Overfull \hbox (33.51347pt too wide) in paragraph at lines 189--203
[] []\T1/cmr/bx/n/12 Greedy/lazy quan-ti-fier syn-tax is parsed but not hon-ored.[] \T1/cmr/m/n/12 Ev-ery \T1/cmtt/m/n/12 Opt\T1/cmr/m/n/12 /\T1/cmtt/m/n/12 Plus\T1/cmr/m/n/12 /\T1/cmtt/m/n/12 Star\T1/cmr/m/n/12 /\T1/cmtt/m/n/12 Bound
 []


Overfull \hbox (31.1162pt too wide) in paragraph at lines 189--203
\T1/cmr/m/n/12 tion in this the-sis is a whole-parser pol-icy (\T1/cmtt/m/n/12 deriv_std\T1/cmr/m/n/12 /\T1/cmtt/m/n/12 deriv_bc \T1/cmr/m/n/12 ver-sus \T1/cmtt/m/n/12 pderiv_std\T1/cmr/m/n/12 /\T1/cmtt/m/n/12 pderiv_bc\T1/cmr/m/n/12 ,
 []

[51]
Overfull \hbox (16.14221pt too wide) in paragraph at lines 228--238
\T1/cmtt/m/n/12 starts_with_carat\T1/cmr/m/n/12 /\T1/cmtt/m/n/12 ends_with_dollar \T1/cmr/m/n/12 (\T1/cmtt/m/n/12 ext_pattern.rs\T1/cmr/m/n/12 ) de-cide which sides need padding
 []

) [52]
\openout2 = `chapters/08_evaluation.aux'.

 (./chapters/08_evaluation.tex
Chapter 8.

Overfull \hbox (3.55225pt too wide) in paragraph at lines 4--20
\T1/cmr/m/n/12 Chapters [][]5[][] and [][]6[][] de-vel-oped four parser com-bi-na-tions -- \T1/cmtt/m/n/12 deriv_std\T1/cmr/m/n/12 , \T1/cmtt/m/n/12 deriv_bc\T1/cmr/m/n/12 , \T1/cmtt/m/n/12 pderiv_std\T1/cmr/m/n/12 ,
 []


Overfull \hbox (41.23875pt too wide) in paragraph at lines 50--63
\T1/cmr/m/n/12 This makes it a nat-u-ral com-par-i-son point for this the-sis's Greedy parsers (\T1/cmtt/m/n/12 pderiv_std\T1/cmr/m/n/12 /\T1/cmtt/m/n/12 pderiv_bc\T1/cmr/m/n/12 )
 []

[53




]
Overfull \hbox (7.46228pt too wide) in paragraph at lines 67--75
\T1/cmr/m/n/12 de-mand), ex-plic-itly de-signed to avoid the ex-po-nen-tial back-track-ing blowup of backreference-
 []

[54]
Overfull \hbox (77.71054pt too wide) in paragraph at lines 181--195
\T1/cmr/m/n/12 tern -- so they are parsed for sub-string search via \T1/cmtt/m/n/12 frontend::parse_dataset_pattern\T1/cmr/m/n/12 /\T1/cmtt/m/n/12 parse_pcre_rule
 []


Overfull \hbox (39.93578pt too wide) in paragraph at lines 196--207
\T1/cmr/m/n/12 all," not for "does POSIX vis-i-bly di-verge from Greedy on this pat-tern the way \T1/cmtt/m/n/12 paper_r1\T1/cmr/m/n/12 /\T1/cmtt/m/n/12 paper_r2
 []

[55]
Overfull \hbox (72.7811pt too wide) in paragraph at lines 216--232
\T1/cmr/m/n/12 rather than only as the man-ual deriva-tions of Sec-tions [][]4.3[][] and [][]4.3.3[][]: \T1/cmtt/m/n/12 parse_recursive_paper_r1_on_ab
 []


Overfull \hbox (13.41702pt too wide) in paragraph at lines 216--232
\T1/cmr/m/n/12 POSIX tree shape de-rived by hand in Sec-tion [][]4.3.3[][]; \T1/cmtt/m/n/12 paper_r1_computes_greedy_not_posix
 []


Overfull \hbox (118.69128pt too wide) in paragraph at lines 245--250
\T1/cmr/m/n/12 test case (Sec-tion [][]5.5.4[][]), in-clud-ing \T1/cmtt/m/n/12 recursive_traced_and_loop_traced_agree_on_all_paper_examples
 []


Overfull \hbox (13.14558pt too wide) in paragraph at lines 250--255
\T1/cmr/m/n/12 (\T1/cmtt/m/n/12 bitcoded_agrees_with_recursive\T1/cmr/m/n/12 , \T1/cmtt/m/n/12 tests/test_deriv_bc.rs\T1/cmr/m/n/12 ), the em-pir-i-cal coun-
 []

[56]
Package pgfplots info on input line 298: Using 'lua backend=false' for axis: xmode=log unsupported (yet).
Package pgfplots info on input line 298: Using 'lua backend=false' for axis: ymode=log unsupported (yet).
Package pgfplots info on input line 325: Using 'lua backend=false' for axis: xmode=log unsupported (yet).
Package pgfplots info on input line 325: Using 'lua backend=false' for axis: ymode=log unsupported (yet).
 [57]) [58]
\openout2 = `chapters/09_discussion.aux'.

 (./chapters/09_discussion.tex
Chapter 9.
[59




]
Overfull \hbox (11.72946pt too wide) in paragraph at lines 78--97
\T1/cmr/m/n/12 shar-ing one generic ren-derer -- \T1/cmtt/m/n/12 diag_2/{deriv_std,deriv_bc,pderiv_std,pderiv_bc}.rs
 []

) [60] [61]
\openout2 = `chapters/10_related_work_and_conclusion.aux'.

 (./chapters/10_related_work_and_conclusion.tex
Chapter 10.
) [62




] (./main.bbl
Underfull \hbox (badness 2486) in paragraph at lines 50--54
[]\T1/cmr/m/n/12 Martin Sulz-mann.  Pro-gram-ming paradigms: Reg-u-lar ex-pres-sions.  [][]$\T1/cmtt/m/n/12 https : / /
 []

[63



]) [64]
\openout2 = `chapters/appendices.aux'.

 (./chapters/appendices.tex
Appendix A.
[65


]
Appendix B.
[66

]
Appendix C.
[67

]
Appendix D.
) [68

]

Package natbib Warning: There were undefined citations.

(./main.aux (./chapters/01_introduction.aux) (./chapters/02_regular_expressions.aux) (./chapters/03_derivatives.aux) (./chapters/04_matching_vs_parsing.aux) (./chapters/05_derivative_parser.aux) (./chapters/06_partial_derivative_parser.aux) (./chapters/07_frontend.aux) (./chapters/08_evaluation.aux) (./chapters/09_discussion.aux) (./chapters/10_related_work_and_conclusion.aux) (./chapters/appendices.aux))
 ***********
LaTeX2e <2023-11-01> patch level 1
L3 programming layer <2024-01-22>
 ***********
Package rerunfilecheck Info: File `main.out' has not changed.
(rerunfilecheck)             Checksum: 9E6E2DB2D17923FF2601CC518E9DD00C;16384.
 ) 
Here is how much of TeX's memory you used:
 34048 strings out of 476182
 780919 string characters out of 5795596
 1954975 words of memory out of 5000000
 55262 multiletter control sequences out of 15000+600000
 581965 words of font info for 101 fonts, out of 8000000 for 9000
 14 hyphenation exceptions out of 8191
 99i,18n,107p,1240b,2243s stack positions out of 10000i,1000n,20000p,200000b,200000s
 </home/ilian/.texlive2023/texmf-var/fonts/pk/ljfour/jknappen/ec/ectt0800.600pk> </home/ilian/.texlive2023/texmf-var/fonts/pk/ljfour/jknappen/ec/ectt1440.600pk> </home/ilian/.texlive2023/texmf-var/fonts/pk/ljfour/jknappen/ec/ectt1728.600pk> </home/ilian/.texlive2023/texmf-var/fonts/pk/ljfour/jknappen/ec/ectt1000.600pk> </home/ilian/.texlive2023/texmf-var/fonts/pk/ljfour/jknappen/ec/ecrm1000.600pk> </home/ilian/.texlive2023/texmf-var/fonts/pk/ljfour/jknappen/ec/ecrm0700.600pk> </home/ilian/.texlive2023/texmf-var/fonts/pk/ljfour/jknappen/ec/ecbx1440.600pk> </home/ilian/.texlive2023/texmf-var/fonts/pk/ljfour/jknappen/ec/ecrm0800.600pk> </home/ilian/.texlive2023/texmf-var/fonts/pk/ljfour/jknappen/ec/tcrm1200.600pk> </home/ilian/.texlive2023/texmf-var/fonts/pk/ljfour/jknappen/ec/ecti1200.600pk> </home/ilian/.texlive2023/texmf-var/fonts/pk/ljfour/jknappen/ec/ecbx1728.600pk> </home/ilian/.texlive2023/texmf-var/fonts/pk/ljfour/jknappen/ec/ectt1200.600pk> </home/ilian/.texlive2023/texmf-var/fonts/pk/ljfour/jknappen/ec/ecrm1200.600pk> </home/ilian/.texlive2023/texmf-var/fonts/pk/ljfour/jknappen/ec/ecbx1200.600pk> </home/ilian/.texlive2023/texmf-var/fonts/pk/ljfour/jknappen/ec/ecbx2488.600pk> </home/ilian/.texlive2023/texmf-var/fonts/pk/ljfour/jknappen/ec/ecrm1440.600pk> </home/ilian/.texlive2023/texmf-var/fonts/pk/ljfour/jknappen/ec/ecrm1728.600pk> </home/ilian/.texlive2023/texmf-var/fonts/pk/ljfour/jknappen/ec/ecrm2074.600pk></usr/share/texlive/texmf-dist/fonts/type1/public/amsfonts/cm/cmex10.pfb></usr/share/texlive/texmf-dist/fonts/type1/public/amsfonts/cm/cmmi10.pfb></usr/share/texlive/texmf-dist/fonts/type1/public/amsfonts/cm/cmmi12.pfb></usr/share/texlive/texmf-dist/fonts/type1/public/amsfonts/cm/cmmi6.pfb></usr/share/texlive/texmf-dist/fonts/type1/public/amsfonts/cm/cmmi8.pfb></usr/share/texlive/texmf-dist/fonts/type1/public/amsfonts/cm/cmr10.pfb></usr/share/texlive/texmf-dist/fonts/type1/public/amsfonts/cm/cmr12.pfb></usr/share/texlive/texmf-dist/fonts/type1/public/amsfonts/cm/cmr6.pfb></usr/share/texlive/texmf-dist/fonts/type1/public/amsfonts/cm/cmr8.pfb></usr/share/texlive/texmf-dist/fonts/type1/public/amsfonts/cm/cmsy10.pfb></usr/share/texlive/texmf-dist/fonts/type1/public/amsfonts/cm/cmsy6.pfb></usr/share/texlive/texmf-dist/fonts/type1/public/amsfonts/cm/cmsy8.pfb></usr/share/texlive/texmf-dist/fonts/type1/public/amsfonts/cm/cmti12.pfb></usr/share/texlive/texmf-dist/fonts/type1/public/amsfonts/cm/cmti8.pfb></usr/share/texlive/texmf-dist/fonts/type1/public/amsfonts/cm/cmtt12.pfb>
Output written on main.pdf (69 pages, 540230 bytes).
PDF statistics:
 1861 PDF objects out of 2073 (max. 8388607)
 1164 compressed objects within 12 object streams
 187 named destinations out of 1000 (max. 500000)
 725 words of extra memory for PDF output out of 10000 (max. 10000000)

